comment
 1.0
  1.0 0.0 0.0
  0.0 1.0 0.0
  0.0 0.0 1.0
 1
Cartesian
  0.0 0.0 0.0
